2026-01-03 08:00:00 WARN  cache miss for key (req_id=4b3d75b9)
2026-01-04 08:03:07 INFO  connection pool exhausted, retrying (req_id=3993a40e)
2026-01-05 08:06:14 ERROR cache miss for key (req_id=6f832d74)
2026-01-06 08:09:21 INFO  background job finished (req_id=4b05bc2e)
2026-01-07 08:12:28 INFO  rate limit exceeded for client (req_id=4afe1e28)
2026-01-08 08:15:35 INFO  user session expired (req_id=f20bfd1b)
2026-01-09 08:18:42 DEBUG background job finished (req_id=4c49e3b6)
2026-01-10 08:21:49 DEBUG request completed (req_id=403c7d7c)
2026-01-11 08:24:56 INFO  background job finished (req_id=d2b7cb06)
2026-01-12 08:27:03 ERROR connection pool exhausted, retrying (req_id=4676bf9a)
2026-01-13 08:30:10 WARN  upstream timeout after 30s (req_id=12a388a4)
2026-01-14 08:33:17 INFO  request completed (req_id=255d4b86)
2026-01-15 08:36:24 DEBUG upstream timeout after 30s (req_id=51614486)
2026-01-16 08:39:31 DEBUG background job finished (req_id=593b8439)
2026-01-17 08:42:38 DEBUG rate limit exceeded for client (req_id=76b1093e)
2026-01-18 08:45:45 INFO  user session expired (req_id=66d70a3d)
2026-01-19 08:48:52 INFO  rate limit exceeded for client (req_id=e540c42b)
2026-01-20 08:51:59 DEBUG rate limit exceeded for client (req_id=eda13072)
2026-01-21 08:54:06 INFO  connection pool exhausted, retrying (req_id=e5ccf26b)
2026-01-22 08:57:13 WARN  user session expired (req_id=f5c4a90a)
2026-01-03 09:00:20 INFO  user session expired (req_id=f41eeea4)
2026-01-04 09:03:27 DEBUG cache miss for key (req_id=01396daa)
2026-01-05 09:06:34 DEBUG request completed (req_id=324d3555)
2026-01-06 09:09:41 INFO  cache miss for key (req_id=20aaf541)
2026-01-07 09:12:48 INFO  user session expired (req_id=b80576bd)
2026-01-08 09:15:55 INFO  user session expired (req_id=0612e465)
2026-01-09 09:18:02 DEBUG user session expired (req_id=5086cc5e)
2026-01-10 09:21:09 ERROR cache miss for key (req_id=ed270da9)
2026-01-11 09:24:16 ERROR cache miss for key (req_id=57654cf7)
2026-01-12 09:27:23 ERROR upstream timeout after 30s (req_id=0132f550)
2026-01-13 09:30:30 INFO  user session expired (req_id=5001f768)
2026-01-14 09:33:37 ERROR background job finished (req_id=55095ff1)
2026-01-15 09:36:44 INFO  user session expired (req_id=af9452d3)
2026-01-16 09:39:51 INFO  background job finished (req_id=89c49c8b)
2026-01-17 09:42:58 INFO  upstream timeout after 30s (req_id=807759de)
2026-01-18 09:45:05 DEBUG background job finished (req_id=c69f0a9b)
2026-01-19 09:48:12 INFO  request completed (req_id=cf3d1d96)
2026-01-20 09:51:19 DEBUG rate limit exceeded for client (req_id=ec527548)
2026-01-21 09:54:26 ERROR cache miss for key (req_id=5699fcd9)
2026-01-22 09:57:33 INFO  background job finished (req_id=57845513)
2026-01-03 10:00:40 INFO  background job finished (req_id=a59bb2bc)
2026-01-04 10:03:47 WARN  user session expired (req_id=a040f3d3)
2026-01-05 10:06:54 INFO  upstream timeout after 30s (req_id=dca34575)
2026-01-06 10:09:01 DEBUG user session expired (req_id=02c9510f)
2026-01-07 10:12:08 DEBUG upstream timeout after 30s (req_id=4cf1ae96)
2026-01-08 10:15:15 INFO  cache miss for key (req_id=a5a7bbb2)
2026-01-09 10:18:22 DEBUG connection pool exhausted, retrying (req_id=8fbed6de)
2026-01-10 10:21:29 WARN  rate limit exceeded for client (req_id=811138ad)
2026-01-11 10:24:36 INFO  background job finished (req_id=6db18350)
2026-01-12 10:27:43 ERROR upstream timeout after 30s (req_id=2584e6cd)
2026-01-13 10:30:50 ERROR rate limit exceeded for client (req_id=b40d46df)
2026-01-14 10:33:57 ERROR rate limit exceeded for client (req_id=b0d29437)
2026-01-15 10:36:04 WARN  request completed (req_id=ab339b8b)
2026-01-16 10:39:11 INFO  request completed (req_id=c75d356b)
2026-01-17 10:42:18 WARN  connection pool exhausted, retrying (req_id=92727f67)
2026-01-18 10:45:25 DEBUG rate limit exceeded for client (req_id=465cc26b)
2026-01-19 10:48:32 DEBUG connection pool exhausted, retrying (req_id=98399936)
2026-01-20 10:51:39 INFO  rate limit exceeded for client (req_id=6c4af783)
2026-01-21 10:54:46 INFO  background job finished (req_id=395143a5)
2026-01-22 10:57:53 INFO  background job finished (req_id=02d897dd)
2026-01-03 11:00:00 INFO  cache miss for key (req_id=6057b4b6)
2026-01-04 11:03:07 DEBUG upstream timeout after 30s (req_id=ab4d48fb)
2026-01-05 11:06:14 INFO  rate limit exceeded for client (req_id=51e77635)
2026-01-06 11:09:21 INFO  cache miss for key (req_id=327ae663)
2026-01-07 11:12:28 INFO  request completed (req_id=70f2be4f)
2026-01-08 11:15:35 DEBUG cache miss for key (req_id=ae241646)
2026-01-09 11:18:42 ERROR connection pool exhausted, retrying (req_id=21d9ecdb)
2026-01-10 11:21:49 INFO  cache miss for key (req_id=73e74a9b)
2026-01-11 11:24:56 INFO  background job finished (req_id=c33dd51c)
2026-01-12 11:27:03 ERROR connection pool exhausted, retrying (req_id=46b62028)
2026-01-13 11:30:10 ERROR user session expired (req_id=63f1f1c5)
2026-01-14 11:33:17 INFO  rate limit exceeded for client (req_id=290d6c2e)
2026-01-15 11:36:24 INFO  user session expired (req_id=83f0e57b)
2026-01-16 11:39:31 DEBUG cache miss for key (req_id=799e4005)
2026-01-17 11:42:38 INFO  background job finished (req_id=a2566178)
2026-01-18 11:45:45 ERROR request completed (req_id=dfa21661)
2026-01-19 11:48:52 INFO  rate limit exceeded for client (req_id=f3004470)
2026-01-20 11:51:59 INFO  background job finished (req_id=208314e1)
2026-01-21 11:54:06 INFO  cache miss for key (req_id=fa7a4aa0)
2026-01-22 11:57:13 WARN  user session expired (req_id=1b3f5fe7)
